// Jest Snapshot v1, https://goo.gl/fbAQLP

exports[`<ActionButton /> component renders component correctly 1`] = `
<a
  href="/new"
  onClick={[Function]}
>
  <button
    className="btn btn-light"
    disabled={false}
    type="button"
  >
    <svg
      aria-hidden="true"
      className="svg-inline--fa fa-plus fa-w-14 "
      data-icon="plus"
      data-prefix="fas"
      focusable="false"
      role="img"
      style={Object {}}
      viewBox="0 0 448 512"
      xmlns="http://www.w3.org/2000/svg"
    >
      <path
        d="M416 208H272V64c0-17.67-14.33-32-32-32h-32c-17.67 0-32 14.33-32 32v144H32c-17.67 0-32 14.33-32 32v32c0 17.67 14.33 32 32 32h144v144c0 17.67 14.33 32 32 32h32c17.67 0 32-14.33 32-32V304h144c17.67 0 32-14.33 32-32v-32c0-17.67-14.33-32-32-32z"
        fill="currentColor"
        style={Object {}}
      />
    </svg>
  </button>
</a>
`;
