// Jest Snapshot v1, https://goo.gl/fbAQLP

exports[`<AddRepositoryPageComponent /> renders correctly 1`] = `
<LayoutComponent
  body={<ContentComponent />}
  header={<HeaderComponent />}
/>
`;
