// Jest Snapshot v1, https://goo.gl/fbAQLP

exports[`<Layout /> component renders component correctly 1`] = `
Array [
  <div
    className="card-header"
  >
    Header
  </div>,
  <div
    className="card-body"
  >
    Body
  </div>,
]
`;
