// Jest Snapshot v1, https://goo.gl/fbAQLP

exports[`<SpinnerComponent /> renders correctly 1`] = `
<div
  className="Loader"
>
  Loading ...
</div>
`;
