// Jest Snapshot v1, https://goo.gl/fbAQLP

exports[`<Spinner /> component renders component correctly 1`] = `
<div
  className="Loader"
>
  Loading ...
</div>
`;
